// Jest Snapshot v1, https://goo.gl/fbAQLP

exports[`Clock component renders the clock correctly renders correctly 1`] = `
<span
  className="clock-text"
>
  00:01:03
</span>
`;
